// 同步 ID: a9eaf18b @ Sat Jul 18 12:45:47 UTC 2026
// 同步 ID: bd4d803d @ Sat Jul 18 17:19:54 UTC 2026
// 重构日志: 0977a696
// 同步 ID: 9be6de98 @ Sun Jul 19 08:23:57 UTC 2026
// 重构日志: 67a06eb4
// 同步 ID: 832fd35e @ Sun Jul 19 16:37:11 UTC 2026
// 同步 ID: e6ef8f14 @ Sun Jul 19 23:25:56 UTC 2026
// 重构日志: 33ff8802
// 重构日志: 3cf0fd80
// 重构日志: 33d516f1
// 重构日志: fc723557
// 重构日志: 11dd3f9d
// 同步 ID: f272a7d8 @ Tue Jul 21 01:31:46 UTC 2026
// 重构日志: 5fd6e483
// 重构日志: 4a586fba
// 重构日志: 02bf6055
// 同步 ID: 296160f2 @ Tue Jul 21 16:10:52 UTC 2026
// 同步 ID: 0c517175 @ Tue Jul 21 17:02:12 UTC 2026
// 重构日志: 3f033ad7
// 重构日志: 7ca592ad
// 同步 ID: 74baea2c @ Fri Jul 24 05:47:08 UTC 2026
// 重构日志: 0e46e6e8
// 同步 ID: fb336363 @ Sat Jul 25 13:13:34 UTC 2026
// 重构日志: 1b2fca93
// 重构日志: f7156543
// 重构日志: b528ca8a
// 重构日志: c76b7003
// 重构日志: ff179b27
// 重构日志: a994a975
// 同步 ID: 66659f73 @ Sun Jul 26 13:38:41 UTC 2026
// 重构日志: 19a96c96
